// Jest Snapshot v1, https://goo.gl/fbAQLP

exports[`Testing SignIn renders initially as expected 1`] = `
<KeyboardAvoidingView
  behavior="padding"
  keyboardVerticalOffset={0}
  style={
    Object {
      "alignItems": "center",
      "backgroundColor": "#03426A",
      "flex": 2,
      "justifyContent": "center",
    }
  }
>
  <TouchableWithoutFeedback
    accessible={false}
    onPress={[Function]}
  >
    <Styled(Container)
      style={
        Object {
          "alignSelf": "stretch",
        }
      }
    >
      <View
        style={
          Array [
            Object {
              "alignItems": "center",
              "justifyContent": "flex-end",
            },
            Object {
              "flex": 2,
            },
          ]
        }
      >
        <Logo
          logoText="Welcome to BudgetBud"
        />
      </View>
      <AuthForm
        authLoading={false}
        cprNumber=""
        handleSubmit={[Function]}
        isSignIn={true}
        onCprNumberChange={[Function]}
        onSecondInputChange={[Function]}
        secondInput=""
      />
      <Styled(Container)>
        <Styled(Container)
          style={
            Object {
              "alignItems": "flex-start",
              "alignSelf": "center",
              "flexShrink": 1,
              "paddingTop": 13,
              "width": "80%",
            }
          }
        >
          <Styled(Button)
            onPress={[Function]}
            style={
              Object {
                "height": 30,
                "paddingLeft": 5,
              }
            }
            transparent={true}
          >
            <Styled(Label)
              style={
                Object {
                  "color": "rgba(255,255,255,0.6)",
                }
              }
            >
              Forgot code?
            </Styled(Label)>
          </Styled(Button)>
          <Styled(Button)
            onPress={[Function]}
            style={
              Object {
                "height": 30,
                "paddingLeft": 5,
              }
            }
            transparent={true}
          >
            <Styled(Label)
              style={
                Object {
                  "color": "rgba(255,255,255,0.6)",
                }
              }
            >
              New user?
            </Styled(Label)>
          </Styled(Button)>
        </Styled(Container)>
      </Styled(Container)>
    </Styled(Container)>
  </TouchableWithoutFeedback>
</KeyboardAvoidingView>
`;
