// Jest Snapshot v1, https://goo.gl/fbAQLP

exports[`Testing SignIn renders as expected 1`] = `
<KeyboardAvoidingView
  behavior="padding"
  keyboardVerticalOffset={0}
  style={
    Object {
      "alignItems": "center",
      "backgroundColor": "#166a97",
      "flex": 2,
      "justifyContent": "center",
    }
  }
>
  <TouchableWithoutFeedback
    accessible={false}
    onPress={[Function]}
  >
    <Styled(Container)
      style={
        Object {
          "alignSelf": "stretch",
        }
      }
    >
      <Logo />
      <AuthForm
        cprNumber=""
        error=""
        handleSubmit={[Function]}
        isSignIn={true}
        loading={false}
        onCprNumberChange={[Function]}
        onSecondInputChange={[Function]}
        secondInput=""
      />
      <Styled(Container)>
        <Styled(Container)
          style={
            Object {
              "alignItems": "flex-start",
              "alignSelf": "center",
              "paddingTop": 13,
              "width": "80%",
            }
          }
        >
          <Styled(Button)
            onPress={[Function]}
            style={
              Object {
                "height": 30,
                "paddingLeft": 5,
              }
            }
            transparent={true}
          >
            <Styled(Label)
              style={
                Object {
                  "color": "rgba(255,255,255,0.6)",
                }
              }
            >
              Glemt pinkode?
            </Styled(Label)>
          </Styled(Button)>
          <Styled(Button)
            onPress={[Function]}
            style={
              Object {
                "height": 30,
                "paddingLeft": 5,
              }
            }
            transparent={true}
          >
            <Styled(Label)
              style={
                Object {
                  "color": "rgba(255,255,255,0.6)",
                }
              }
            >
              Ny bruger?
            </Styled(Label)>
          </Styled(Button)>
        </Styled(Container)>
        <ErrorInfo
          error=""
        />
      </Styled(Container)>
    </Styled(Container)>
  </TouchableWithoutFeedback>
</KeyboardAvoidingView>
`;
